[www.tecnica7.edu.ar/contacto.html]
[cdn.jsdelivr.net/npm/@mdi/font@5.x/css/materialdesignicons.min.css]
[cdn.jsdelivr.net/npm/vuetify@2.x/dist/vuetify.min.css]
[www.tecnica7.edu.ar/apple-touch-icon.png]
[www.tecnica7.edu.ar/favicon-32x32.png]
[www.tecnica7.edu.ar/favicon-16x16.png]
[www.tecnica7.edu.ar/css/index.css]
[www.tecnica7.edu.ar/css/estilo-gral.css]
[www.tecnica7.edu.ar/fonts/fonts.css]
[www.tecnica7.edu.ar/fonts/fonts_gral.css]
[www.tecnica7.edu.ar/css/menu.css]
[backblue.gif]
[fade.gif]
[index.html]
[www.tecnica7.edu.ar/footer/estilos/footer.css]
[js.hsforms.net/forms/shell.js]
[www.tecnica7.edu.ar/js/jquery.js]
[www.tecnica7.edu.ar/js/main.js]
[cdn.jsdelivr.net/npm/vue@2.x/dist/vue.min.js]
[cdn.jsdelivr.net/npm/vuetify@2.x/dist/vuetify.min.js]
[www.tecnica7.edu.ar/contacto.html]
[cdn.jsdelivr.net/npm/@mdi/font@5.x/css/materialdesignicons.min.css]
[cdn.jsdelivr.net/npm/vuetify@2.x/dist/vuetify.min.css]
[www.tecnica7.edu.ar/site.html]
[www.tecnica7.edu.ar/css/index.css]
[www.tecnica7.edu.ar/css/estilo-gral.css]
[www.tecnica7.edu.ar/js/core12072023v1.js]
[www.tecnica7.edu.ar/fonts/icomoona2b3.eot]
[www.tecnica7.edu.ar/fonts/icomoona2b3.ttf]
[www.tecnica7.edu.ar/fonts/icomoona2b3.woff]
[www.tecnica7.edu.ar/fonts/fonts.css]
[www.tecnica7.edu.ar/fonts/icomoona2b3.svg]
[www.tecnica7.edu.ar/fonts/Dosis/Dosis-Bold.ttf]
[www.tecnica7.edu.ar/fonts/Dosis/Dosis-Medium.ttf]
[www.tecnica7.edu.ar/fonts/Hind/Hind-Medium.ttf]
[www.tecnica7.edu.ar/fonts/Hind/Hind-Light.ttf]
[www.tecnica7.edu.ar/fonts/Hind/Hind-Regular.ttf]
[www.tecnica7.edu.ar/fonts/Hind/Hind-Semibold.ttf]
[www.tecnica7.edu.ar/fonts/fonts_gral.css]
[www.tecnica7.edu.ar/css/menu.css]
[www.tecnica7.edu.ar/footer/estilos/footer.css]
[www.tecnica7.edu.ar/fonts/icomoona2b3.svg]
